Last synced order_item_id: 149. Pulling new rows only.
Extracted 0 new rows from Postgres.
No new rows to sync. Nothing inserted.
Last synced order_item_id: 149. Pulling new rows only.
Extracted 0 new rows from Postgres.
No new rows to sync. Nothing inserted.
Last synced order_item_id: 149. Pulling new rows only.
Extracted 0 new rows from Postgres.
No new rows to sync. Nothing inserted.

=== Extraction started: 2026-07-26 06:38:30 ===

Last synced order_item_id: 149. Pulling new rows only.
Extracted 0 new rows from Postgres.
No new rows to sync. Nothing inserted.

=== Extraction completed: 2026-07-26 06:38:31 ===

=== Extraction started: 2026-07-26 06:58:38 ===

Last synced order_item_id: 149. Pulling new rows only.
Extracted 0 new rows from Postgres.
No new rows to sync. Nothing inserted.

=== Extraction completed: 2026-07-26 06:58:39 ===

=== Extraction started: 2026-07-26 06:59:57 ===

Last synced order_item_id: 149. Pulling new rows only.
Extracted 0 new rows from Postgres.
No new rows to sync. Nothing inserted.

=== Extraction completed: 2026-07-26 06:59:57 ===

=== Extraction started: 2026-07-29 12:30:09 ===

Last synced order_item_id: 149. Pulling new rows only.
Extracted 0 new rows from Postgres.
No new rows to sync. Nothing inserted.

=== Extraction completed: 2026-07-29 12:30:09 ===
